[19-Jul-2022 21:45:02 Europe/Prague] PHP Deprecated:  __autoload() is deprecated, use spl_autoload_register() instead in /data/web/virtuals/284558/virtual/www/pix_mail/phpmailer/PHPMailerAutoload.php on line 45
[19-Jul-2022 21:45:11 Europe/Prague] PHP Deprecated:  __autoload() is deprecated, use spl_autoload_register() instead in /data/web/virtuals/284558/virtual/www/pix_mail/phpmailer/PHPMailerAutoload.php on line 45
[19-Jul-2022 21:45:14 Europe/Prague] PHP Deprecated:  __autoload() is deprecated, use spl_autoload_register() instead in /data/web/virtuals/284558/virtual/www/pix_mail/phpmailer/PHPMailerAutoload.php on line 45
[19-Jul-2022 22:18:21 Europe/Prague] PHP Parse error:  syntax error, unexpected ''CZ'' (T_CONSTANT_ENCAPSED_STRING), expecting ')' in /data/web/virtuals/284558/virtual/www/pix_mail/messages.php on line 12
[19-Jul-2022 22:19:35 Europe/Prague] PHP Parse error:  syntax error, unexpected ''CZ'' (T_CONSTANT_ENCAPSED_STRING), expecting ')' in /data/web/virtuals/284558/virtual/www/pix_mail/messages.php on line 12
[19-Jul-2022 22:20:05 Europe/Prague] PHP Parse error:  syntax error, unexpected ''CZ'' (T_CONSTANT_ENCAPSED_STRING), expecting ')' in /data/web/virtuals/284558/virtual/www/pix_mail/messages.php on line 12
[19-Jul-2022 22:20:18 Europe/Prague] PHP Parse error:  syntax error, unexpected ''CZ'' (T_CONSTANT_ENCAPSED_STRING), expecting ')' in /data/web/virtuals/284558/virtual/www/pix_mail/messages.php on line 12
[19-Jul-2022 22:21:06 Europe/Prague] PHP Parse error:  syntax error, unexpected 'd58bc208d647a1ce4cda0d313eee5f' (T_STRING), expecting ',' or ';' in /data/web/virtuals/284558/virtual/www/pix_mail/api_mailchimp/MailChimp.php on line 15
[19-Jul-2022 22:21:09 Europe/Prague] PHP Parse error:  syntax error, unexpected 'd58bc208d647a1ce4cda0d313eee5f' (T_STRING), expecting ',' or ';' in /data/web/virtuals/284558/virtual/www/pix_mail/api_mailchimp/MailChimp.php on line 15
[19-Jul-2022 22:21:09 Europe/Prague] PHP Parse error:  syntax error, unexpected 'd58bc208d647a1ce4cda0d313eee5f' (T_STRING), expecting ',' or ';' in /data/web/virtuals/284558/virtual/www/pix_mail/api_mailchimp/MailChimp.php on line 15
[19-Jul-2022 22:21:09 Europe/Prague] PHP Parse error:  syntax error, unexpected 'd58bc208d647a1ce4cda0d313eee5f' (T_STRING), expecting ',' or ';' in /data/web/virtuals/284558/virtual/www/pix_mail/api_mailchimp/MailChimp.php on line 15
[19-Jul-2022 22:21:09 Europe/Prague] PHP Parse error:  syntax error, unexpected 'd58bc208d647a1ce4cda0d313eee5f' (T_STRING), expecting ',' or ';' in /data/web/virtuals/284558/virtual/www/pix_mail/api_mailchimp/MailChimp.php on line 15
[19-Jul-2022 22:21:10 Europe/Prague] PHP Parse error:  syntax error, unexpected 'd58bc208d647a1ce4cda0d313eee5f' (T_STRING), expecting ',' or ';' in /data/web/virtuals/284558/virtual/www/pix_mail/api_mailchimp/MailChimp.php on line 15
[19-Jul-2022 22:21:29 Europe/Prague] PHP Parse error:  syntax error, unexpected 'd58bc208d647a1ce4cda0d313eee5f' (T_STRING), expecting ',' or ';' in /data/web/virtuals/284558/virtual/www/pix_mail/api_mailchimp/MailChimp.php on line 15
[19-Jul-2022 22:21:31 Europe/Prague] PHP Parse error:  syntax error, unexpected 'd58bc208d647a1ce4cda0d313eee5f' (T_STRING), expecting ',' or ';' in /data/web/virtuals/284558/virtual/www/pix_mail/api_mailchimp/MailChimp.php on line 15
[19-Jul-2022 22:21:31 Europe/Prague] PHP Parse error:  syntax error, unexpected 'd58bc208d647a1ce4cda0d313eee5f' (T_STRING), expecting ',' or ';' in /data/web/virtuals/284558/virtual/www/pix_mail/api_mailchimp/MailChimp.php on line 15
[19-Jul-2022 22:21:31 Europe/Prague] PHP Parse error:  syntax error, unexpected 'd58bc208d647a1ce4cda0d313eee5f' (T_STRING), expecting ',' or ';' in /data/web/virtuals/284558/virtual/www/pix_mail/api_mailchimp/MailChimp.php on line 15
[19-Jul-2022 22:21:31 Europe/Prague] PHP Parse error:  syntax error, unexpected 'd58bc208d647a1ce4cda0d313eee5f' (T_STRING), expecting ',' or ';' in /data/web/virtuals/284558/virtual/www/pix_mail/api_mailchimp/MailChimp.php on line 15
[19-Jul-2022 22:21:32 Europe/Prague] PHP Parse error:  syntax error, unexpected 'd58bc208d647a1ce4cda0d313eee5f' (T_STRING), expecting ',' or ';' in /data/web/virtuals/284558/virtual/www/pix_mail/api_mailchimp/MailChimp.php on line 15
[19-Jul-2022 22:21:32 Europe/Prague] PHP Parse error:  syntax error, unexpected 'd58bc208d647a1ce4cda0d313eee5f' (T_STRING), expecting ',' or ';' in /data/web/virtuals/284558/virtual/www/pix_mail/api_mailchimp/MailChimp.php on line 15
[19-Jul-2022 22:21:32 Europe/Prague] PHP Parse error:  syntax error, unexpected 'd58bc208d647a1ce4cda0d313eee5f' (T_STRING), expecting ',' or ';' in /data/web/virtuals/284558/virtual/www/pix_mail/api_mailchimp/MailChimp.php on line 15
[19-Jul-2022 22:21:32 Europe/Prague] PHP Parse error:  syntax error, unexpected 'd58bc208d647a1ce4cda0d313eee5f' (T_STRING), expecting ',' or ';' in /data/web/virtuals/284558/virtual/www/pix_mail/api_mailchimp/MailChimp.php on line 15
[19-Jul-2022 22:44:03 Europe/Prague] PHP Deprecated:  __autoload() is deprecated, use spl_autoload_register() instead in /data/web/virtuals/284558/virtual/www/pix_mail/phpmailer/PHPMailerAutoload.php on line 45
[19-Jul-2022 22:44:10 Europe/Prague] PHP Deprecated:  __autoload() is deprecated, use spl_autoload_register() instead in /data/web/virtuals/284558/virtual/www/pix_mail/phpmailer/PHPMailerAutoload.php on line 45
[19-Jul-2022 22:44:11 Europe/Prague] PHP Deprecated:  __autoload() is deprecated, use spl_autoload_register() instead in /data/web/virtuals/284558/virtual/www/pix_mail/phpmailer/PHPMailerAutoload.php on line 45
[19-Jul-2022 22:44:11 Europe/Prague] PHP Deprecated:  __autoload() is deprecated, use spl_autoload_register() instead in /data/web/virtuals/284558/virtual/www/pix_mail/phpmailer/PHPMailerAutoload.php on line 45
[19-Jul-2022 22:44:11 Europe/Prague] PHP Deprecated:  __autoload() is deprecated, use spl_autoload_register() instead in /data/web/virtuals/284558/virtual/www/pix_mail/phpmailer/PHPMailerAutoload.php on line 45
[19-Jul-2022 22:44:12 Europe/Prague] PHP Deprecated:  __autoload() is deprecated, use spl_autoload_register() instead in /data/web/virtuals/284558/virtual/www/pix_mail/phpmailer/PHPMailerAutoload.php on line 45
[19-Jul-2022 22:44:12 Europe/Prague] PHP Deprecated:  __autoload() is deprecated, use spl_autoload_register() instead in /data/web/virtuals/284558/virtual/www/pix_mail/phpmailer/PHPMailerAutoload.php on line 45
[19-Jul-2022 22:44:12 Europe/Prague] PHP Deprecated:  __autoload() is deprecated, use spl_autoload_register() instead in /data/web/virtuals/284558/virtual/www/pix_mail/phpmailer/PHPMailerAutoload.php on line 45
[19-Jul-2022 22:44:12 Europe/Prague] PHP Deprecated:  __autoload() is deprecated, use spl_autoload_register() instead in /data/web/virtuals/284558/virtual/www/pix_mail/phpmailer/PHPMailerAutoload.php on line 45
[19-Jul-2022 22:44:13 Europe/Prague] PHP Deprecated:  __autoload() is deprecated, use spl_autoload_register() instead in /data/web/virtuals/284558/virtual/www/pix_mail/phpmailer/PHPMailerAutoload.php on line 45
[19-Jul-2022 22:44:13 Europe/Prague] PHP Deprecated:  __autoload() is deprecated, use spl_autoload_register() instead in /data/web/virtuals/284558/virtual/www/pix_mail/phpmailer/PHPMailerAutoload.php on line 45
[19-Jul-2022 22:44:13 Europe/Prague] PHP Deprecated:  __autoload() is deprecated, use spl_autoload_register() instead in /data/web/virtuals/284558/virtual/www/pix_mail/phpmailer/PHPMailerAutoload.php on line 45
[19-Jul-2022 22:44:13 Europe/Prague] PHP Deprecated:  __autoload() is deprecated, use spl_autoload_register() instead in /data/web/virtuals/284558/virtual/www/pix_mail/phpmailer/PHPMailerAutoload.php on line 45
[19-Jul-2022 22:48:37 Europe/Prague] PHP Deprecated:  __autoload() is deprecated, use spl_autoload_register() instead in /data/web/virtuals/284558/virtual/www/pix_mail/phpmailer/PHPMailerAutoload.php on line 45
[19-Jul-2022 22:48:42 Europe/Prague] PHP Deprecated:  __autoload() is deprecated, use spl_autoload_register() instead in /data/web/virtuals/284558/virtual/www/pix_mail/phpmailer/PHPMailerAutoload.php on line 45
[19-Jul-2022 22:54:10 Europe/Prague] PHP Deprecated:  __autoload() is deprecated, use spl_autoload_register() instead in /data/web/virtuals/284558/virtual/www/pix_mail/phpmailer/PHPMailerAutoload.php on line 45
[19-Jul-2022 22:54:20 Europe/Prague] PHP Deprecated:  __autoload() is deprecated, use spl_autoload_register() instead in /data/web/virtuals/284558/virtual/www/pix_mail/phpmailer/PHPMailerAutoload.php on line 45
[19-Jul-2022 22:54:21 Europe/Prague] PHP Deprecated:  __autoload() is deprecated, use spl_autoload_register() instead in /data/web/virtuals/284558/virtual/www/pix_mail/phpmailer/PHPMailerAutoload.php on line 45
[19-Jul-2022 22:54:22 Europe/Prague] PHP Deprecated:  __autoload() is deprecated, use spl_autoload_register() instead in /data/web/virtuals/284558/virtual/www/pix_mail/phpmailer/PHPMailerAutoload.php on line 45
[19-Jul-2022 22:54:22 Europe/Prague] PHP Deprecated:  __autoload() is deprecated, use spl_autoload_register() instead in /data/web/virtuals/284558/virtual/www/pix_mail/phpmailer/PHPMailerAutoload.php on line 45
[19-Jul-2022 22:54:22 Europe/Prague] PHP Deprecated:  __autoload() is deprecated, use spl_autoload_register() instead in /data/web/virtuals/284558/virtual/www/pix_mail/phpmailer/PHPMailerAutoload.php on line 45
[19-Jul-2022 22:54:22 Europe/Prague] PHP Deprecated:  __autoload() is deprecated, use spl_autoload_register() instead in /data/web/virtuals/284558/virtual/www/pix_mail/phpmailer/PHPMailerAutoload.php on line 45
[19-Jul-2022 22:54:22 Europe/Prague] PHP Deprecated:  __autoload() is deprecated, use spl_autoload_register() instead in /data/web/virtuals/284558/virtual/www/pix_mail/phpmailer/PHPMailerAutoload.php on line 45
[19-Jul-2022 22:54:23 Europe/Prague] PHP Deprecated:  __autoload() is deprecated, use spl_autoload_register() instead in /data/web/virtuals/284558/virtual/www/pix_mail/phpmailer/PHPMailerAutoload.php on line 45
[19-Jul-2022 22:54:23 Europe/Prague] PHP Deprecated:  __autoload() is deprecated, use spl_autoload_register() instead in /data/web/virtuals/284558/virtual/www/pix_mail/phpmailer/PHPMailerAutoload.php on line 45
[19-Jul-2022 22:55:29 Europe/Prague] PHP Deprecated:  __autoload() is deprecated, use spl_autoload_register() instead in /data/web/virtuals/284558/virtual/www/pix_mail/phpmailer/PHPMailerAutoload.php on line 45
[19-Jul-2022 22:55:40 Europe/Prague] PHP Deprecated:  __autoload() is deprecated, use spl_autoload_register() instead in /data/web/virtuals/284558/virtual/www/pix_mail/phpmailer/PHPMailerAutoload.php on line 45
[19-Jul-2022 22:55:41 Europe/Prague] PHP Deprecated:  __autoload() is deprecated, use spl_autoload_register() instead in /data/web/virtuals/284558/virtual/www/pix_mail/phpmailer/PHPMailerAutoload.php on line 45
[19-Jul-2022 22:55:41 Europe/Prague] PHP Deprecated:  __autoload() is deprecated, use spl_autoload_register() instead in /data/web/virtuals/284558/virtual/www/pix_mail/phpmailer/PHPMailerAutoload.php on line 45
[19-Jul-2022 22:55:41 Europe/Prague] PHP Deprecated:  __autoload() is deprecated, use spl_autoload_register() instead in /data/web/virtuals/284558/virtual/www/pix_mail/phpmailer/PHPMailerAutoload.php on line 45
[19-Jul-2022 22:55:42 Europe/Prague] PHP Deprecated:  __autoload() is deprecated, use spl_autoload_register() instead in /data/web/virtuals/284558/virtual/www/pix_mail/phpmailer/PHPMailerAutoload.php on line 45
[19-Jul-2022 22:55:42 Europe/Prague] PHP Deprecated:  __autoload() is deprecated, use spl_autoload_register() instead in /data/web/virtuals/284558/virtual/www/pix_mail/phpmailer/PHPMailerAutoload.php on line 45
[19-Jul-2022 22:55:42 Europe/Prague] PHP Deprecated:  __autoload() is deprecated, use spl_autoload_register() instead in /data/web/virtuals/284558/virtual/www/pix_mail/phpmailer/PHPMailerAutoload.php on line 45
[19-Jul-2022 22:55:42 Europe/Prague] PHP Deprecated:  __autoload() is deprecated, use spl_autoload_register() instead in /data/web/virtuals/284558/virtual/www/pix_mail/phpmailer/PHPMailerAutoload.php on line 45
[19-Jul-2022 22:55:42 Europe/Prague] PHP Deprecated:  __autoload() is deprecated, use spl_autoload_register() instead in /data/web/virtuals/284558/virtual/www/pix_mail/phpmailer/PHPMailerAutoload.php on line 45
[19-Jul-2022 22:55:43 Europe/Prague] PHP Deprecated:  __autoload() is deprecated, use spl_autoload_register() instead in /data/web/virtuals/284558/virtual/www/pix_mail/phpmailer/PHPMailerAutoload.php on line 45
[19-Jul-2022 22:55:43 Europe/Prague] PHP Deprecated:  __autoload() is deprecated, use spl_autoload_register() instead in /data/web/virtuals/284558/virtual/www/pix_mail/phpmailer/PHPMailerAutoload.php on line 45
[19-Jul-2022 22:55:43 Europe/Prague] PHP Deprecated:  __autoload() is deprecated, use spl_autoload_register() instead in /data/web/virtuals/284558/virtual/www/pix_mail/phpmailer/PHPMailerAutoload.php on line 45
[20-Jul-2022 14:53:37 Europe/Prague] PHP Notice:  Use of undefined constant AW_AUTHCODE - assumed 'AW_AUTHCODE' in /data/web/virtuals/284558/virtual/www/pix_mail/new_contact.php on line 348
[20-Jul-2022 14:53:37 Europe/Prague] PHP Notice:  Use of undefined constant AW_AUTHCODE - assumed 'AW_AUTHCODE' in /data/web/virtuals/284558/virtual/www/pix_mail/new_contact.php on line 352
[20-Jul-2022 14:53:38 Europe/Prague] PHP Notice:  Undefined variable: language in /data/web/virtuals/284558/virtual/www/pix_mail/new_contact.php on line 402
[20-Jul-2022 14:53:38 Europe/Prague] PHP Notice:  Undefined variable: lang in /data/web/virtuals/284558/virtual/www/pix_mail/new_contact.php on line 402
[21-Jul-2022 08:42:14 Europe/Prague] PHP Fatal error:  Call to undefined function getName() in /data/web/virtuals/284558/virtual/www/pix_mail/new_contact.php on line 202
[21-Jul-2022 08:42:15 Europe/Prague] PHP Fatal error:  Call to undefined function getName() in /data/web/virtuals/284558/virtual/www/pix_mail/new_contact.php on line 202
[21-Jul-2022 08:42:18 Europe/Prague] PHP Fatal error:  Call to undefined function getName() in /data/web/virtuals/284558/virtual/www/pix_mail/new_contact.php on line 202
[21-Jul-2022 08:42:20 Europe/Prague] PHP Fatal error:  Call to undefined function getName() in /data/web/virtuals/284558/virtual/www/pix_mail/new_contact.php on line 202
[21-Jul-2022 08:42:20 Europe/Prague] PHP Fatal error:  Call to undefined function getName() in /data/web/virtuals/284558/virtual/www/pix_mail/new_contact.php on line 202
[21-Jul-2022 08:42:20 Europe/Prague] PHP Fatal error:  Call to undefined function getName() in /data/web/virtuals/284558/virtual/www/pix_mail/new_contact.php on line 202
[21-Jul-2022 08:42:21 Europe/Prague] PHP Fatal error:  Call to undefined function getName() in /data/web/virtuals/284558/virtual/www/pix_mail/new_contact.php on line 202
[21-Jul-2022 08:42:21 Europe/Prague] PHP Fatal error:  Call to undefined function getName() in /data/web/virtuals/284558/virtual/www/pix_mail/new_contact.php on line 202
[21-Jul-2022 08:42:21 Europe/Prague] PHP Fatal error:  Call to undefined function getName() in /data/web/virtuals/284558/virtual/www/pix_mail/new_contact.php on line 202
[21-Jul-2022 08:42:21 Europe/Prague] PHP Fatal error:  Call to undefined function getName() in /data/web/virtuals/284558/virtual/www/pix_mail/new_contact.php on line 202
[21-Jul-2022 08:42:23 Europe/Prague] PHP Fatal error:  Call to undefined function getName() in /data/web/virtuals/284558/virtual/www/pix_mail/new_contact.php on line 202
[21-Aug-2022 17:29:39 Europe/Prague] PHP Fatal error:  Call to undefined function getName() in /data/web/virtuals/284558/virtual/www/pix_mail/new_contact.php on line 202
[21-Aug-2022 17:29:54 Europe/Prague] PHP Fatal error:  Call to undefined function getName() in /data/web/virtuals/284558/virtual/www/pix_mail/new_contact.php on line 202
[21-Aug-2022 17:29:54 Europe/Prague] PHP Fatal error:  Call to undefined function getName() in /data/web/virtuals/284558/virtual/www/pix_mail/new_contact.php on line 202
[21-Aug-2022 17:30:00 Europe/Prague] PHP Fatal error:  Call to undefined function getName() in /data/web/virtuals/284558/virtual/www/pix_mail/new_contact.php on line 202
[21-Aug-2022 17:30:00 Europe/Prague] PHP Fatal error:  Call to undefined function getName() in /data/web/virtuals/284558/virtual/www/pix_mail/new_contact.php on line 202
[21-Aug-2022 17:30:01 Europe/Prague] PHP Fatal error:  Call to undefined function getName() in /data/web/virtuals/284558/virtual/www/pix_mail/new_contact.php on line 202
[21-Aug-2022 17:30:01 Europe/Prague] PHP Fatal error:  Call to undefined function getName() in /data/web/virtuals/284558/virtual/www/pix_mail/new_contact.php on line 202
[21-Aug-2022 17:30:13 Europe/Prague] PHP Fatal error:  Call to undefined function getName() in /data/web/virtuals/284558/virtual/www/pix_mail/new_contact.php on line 202
[02-Sep-2022 18:46:26 Europe/Prague] PHP Fatal error:  Call to undefined function getName() in /data/web/virtuals/284558/virtual/www/pix_mail/new_contact.php on line 202
[02-Sep-2022 18:46:33 Europe/Prague] PHP Fatal error:  Call to undefined function getName() in /data/web/virtuals/284558/virtual/www/pix_mail/new_contact.php on line 202
[02-Sep-2022 18:46:37 Europe/Prague] PHP Fatal error:  Call to undefined function getName() in /data/web/virtuals/284558/virtual/www/pix_mail/new_contact.php on line 202
[02-Sep-2022 18:46:41 Europe/Prague] PHP Fatal error:  Call to undefined function getName() in /data/web/virtuals/284558/virtual/www/pix_mail/new_contact.php on line 202
[02-Sep-2022 18:46:42 Europe/Prague] PHP Fatal error:  Call to undefined function getName() in /data/web/virtuals/284558/virtual/www/pix_mail/new_contact.php on line 202
[02-Sep-2022 18:46:47 Europe/Prague] PHP Fatal error:  Call to undefined function getName() in /data/web/virtuals/284558/virtual/www/pix_mail/new_contact.php on line 202
[02-Sep-2022 18:46:48 Europe/Prague] PHP Fatal error:  Call to undefined function getName() in /data/web/virtuals/284558/virtual/www/pix_mail/new_contact.php on line 202
[02-Sep-2022 18:46:48 Europe/Prague] PHP Fatal error:  Call to undefined function getName() in /data/web/virtuals/284558/virtual/www/pix_mail/new_contact.php on line 202
[02-Sep-2022 18:46:48 Europe/Prague] PHP Fatal error:  Call to undefined function getName() in /data/web/virtuals/284558/virtual/www/pix_mail/new_contact.php on line 202
[02-Sep-2022 18:46:48 Europe/Prague] PHP Fatal error:  Call to undefined function getName() in /data/web/virtuals/284558/virtual/www/pix_mail/new_contact.php on line 202
[02-Sep-2022 18:46:49 Europe/Prague] PHP Fatal error:  Call to undefined function getName() in /data/web/virtuals/284558/virtual/www/pix_mail/new_contact.php on line 202
[02-Sep-2022 18:46:49 Europe/Prague] PHP Fatal error:  Call to undefined function getName() in /data/web/virtuals/284558/virtual/www/pix_mail/new_contact.php on line 202
[02-Sep-2022 18:46:49 Europe/Prague] PHP Fatal error:  Call to undefined function getName() in /data/web/virtuals/284558/virtual/www/pix_mail/new_contact.php on line 202
[02-Sep-2022 18:46:49 Europe/Prague] PHP Fatal error:  Call to undefined function getName() in /data/web/virtuals/284558/virtual/www/pix_mail/new_contact.php on line 202
[02-Sep-2022 18:46:49 Europe/Prague] PHP Fatal error:  Call to undefined function getName() in /data/web/virtuals/284558/virtual/www/pix_mail/new_contact.php on line 202
[02-Sep-2022 18:46:54 Europe/Prague] PHP Fatal error:  Call to undefined function getName() in /data/web/virtuals/284558/virtual/www/pix_mail/new_contact.php on line 202
[05-Sep-2022 18:47:42 Europe/Prague] PHP Fatal error:  Call to undefined function getName() in /data/web/virtuals/284558/virtual/www/pix_mail/new_contact.php on line 202
[05-Sep-2022 18:47:48 Europe/Prague] PHP Fatal error:  Call to undefined function getName() in /data/web/virtuals/284558/virtual/www/pix_mail/new_contact.php on line 202
[05-Sep-2022 18:47:54 Europe/Prague] PHP Fatal error:  Call to undefined function getName() in /data/web/virtuals/284558/virtual/www/pix_mail/new_contact.php on line 202
[05-Sep-2022 18:47:54 Europe/Prague] PHP Fatal error:  Call to undefined function getName() in /data/web/virtuals/284558/virtual/www/pix_mail/new_contact.php on line 202
[05-Sep-2022 18:48:02 Europe/Prague] PHP Fatal error:  Call to undefined function getName() in /data/web/virtuals/284558/virtual/www/pix_mail/new_contact.php on line 202
[11-Sep-2022 11:17:47 Europe/Prague] PHP Fatal error:  Call to undefined function getName() in /data/web/virtuals/284558/virtual/www/pix_mail/new_contact.php on line 202
[11-Sep-2022 11:17:50 Europe/Prague] PHP Fatal error:  Call to undefined function getName() in /data/web/virtuals/284558/virtual/www/pix_mail/new_contact.php on line 202
[11-Sep-2022 11:17:51 Europe/Prague] PHP Fatal error:  Call to undefined function getName() in /data/web/virtuals/284558/virtual/www/pix_mail/new_contact.php on line 202
[11-Sep-2022 11:17:51 Europe/Prague] PHP Fatal error:  Call to undefined function getName() in /data/web/virtuals/284558/virtual/www/pix_mail/new_contact.php on line 202
[11-Sep-2022 11:17:53 Europe/Prague] PHP Fatal error:  Call to undefined function getName() in /data/web/virtuals/284558/virtual/www/pix_mail/new_contact.php on line 202
[11-Sep-2022 11:17:54 Europe/Prague] PHP Fatal error:  Call to undefined function getName() in /data/web/virtuals/284558/virtual/www/pix_mail/new_contact.php on line 202
[11-Sep-2022 11:17:54 Europe/Prague] PHP Fatal error:  Call to undefined function getName() in /data/web/virtuals/284558/virtual/www/pix_mail/new_contact.php on line 202
[11-Sep-2022 11:17:54 Europe/Prague] PHP Fatal error:  Call to undefined function getName() in /data/web/virtuals/284558/virtual/www/pix_mail/new_contact.php on line 202
[11-Sep-2022 11:18:02 Europe/Prague] PHP Fatal error:  Call to undefined function getName() in /data/web/virtuals/284558/virtual/www/pix_mail/new_contact.php on line 202
[11-Sep-2022 11:18:02 Europe/Prague] PHP Fatal error:  Call to undefined function getName() in /data/web/virtuals/284558/virtual/www/pix_mail/new_contact.php on line 202
[11-Sep-2022 11:18:03 Europe/Prague] PHP Fatal error:  Call to undefined function getName() in /data/web/virtuals/284558/virtual/www/pix_mail/new_contact.php on line 202
[11-Sep-2022 11:18:03 Europe/Prague] PHP Fatal error:  Call to undefined function getName() in /data/web/virtuals/284558/virtual/www/pix_mail/new_contact.php on line 202
[11-Sep-2022 11:18:03 Europe/Prague] PHP Fatal error:  Call to undefined function getName() in /data/web/virtuals/284558/virtual/www/pix_mail/new_contact.php on line 202
[11-Sep-2022 11:18:03 Europe/Prague] PHP Fatal error:  Call to undefined function getName() in /data/web/virtuals/284558/virtual/www/pix_mail/new_contact.php on line 202
[11-Sep-2022 11:18:21 Europe/Prague] PHP Fatal error:  Call to undefined function getName() in /data/web/virtuals/284558/virtual/www/pix_mail/new_contact.php on line 202
[11-Sep-2022 11:18:22 Europe/Prague] PHP Fatal error:  Call to undefined function getName() in /data/web/virtuals/284558/virtual/www/pix_mail/new_contact.php on line 202
[11-Sep-2022 11:18:22 Europe/Prague] PHP Fatal error:  Call to undefined function getName() in /data/web/virtuals/284558/virtual/www/pix_mail/new_contact.php on line 202
[11-Sep-2022 11:18:22 Europe/Prague] PHP Fatal error:  Call to undefined function getName() in /data/web/virtuals/284558/virtual/www/pix_mail/new_contact.php on line 202
[11-Sep-2022 11:51:56 Europe/Prague] PHP Fatal error:  Call to undefined function getName() in /data/web/virtuals/284558/virtual/www/pix_mail/new_contact.php on line 202
[11-Sep-2022 11:51:58 Europe/Prague] PHP Fatal error:  Call to undefined function getName() in /data/web/virtuals/284558/virtual/www/pix_mail/new_contact.php on line 202
[11-Sep-2022 11:52:01 Europe/Prague] PHP Fatal error:  Call to undefined function getName() in /data/web/virtuals/284558/virtual/www/pix_mail/new_contact.php on line 202
[11-Sep-2022 11:52:01 Europe/Prague] PHP Fatal error:  Call to undefined function getName() in /data/web/virtuals/284558/virtual/www/pix_mail/new_contact.php on line 202
[11-Sep-2022 11:56:47 Europe/Prague] PHP Fatal error:  Call to undefined function getName() in /data/web/virtuals/284558/virtual/www/pix_mail/new_contact.php on line 202
[11-Sep-2022 11:56:48 Europe/Prague] PHP Fatal error:  Call to undefined function getName() in /data/web/virtuals/284558/virtual/www/pix_mail/new_contact.php on line 202
[11-Sep-2022 11:56:48 Europe/Prague] PHP Fatal error:  Call to undefined function getName() in /data/web/virtuals/284558/virtual/www/pix_mail/new_contact.php on line 202
[11-Sep-2022 19:43:29 Europe/Prague] PHP Fatal error:  Call to undefined function getName() in /data/web/virtuals/284558/virtual/www/pix_mail/new_contact.php on line 202
[11-Sep-2022 19:43:43 Europe/Prague] PHP Fatal error:  Call to undefined function getName() in /data/web/virtuals/284558/virtual/www/pix_mail/new_contact.php on line 202
[11-Sep-2022 19:43:48 Europe/Prague] PHP Fatal error:  Call to undefined function getName() in /data/web/virtuals/284558/virtual/www/pix_mail/new_contact.php on line 202
[11-Sep-2022 19:44:02 Europe/Prague] PHP Fatal error:  Call to undefined function getName() in /data/web/virtuals/284558/virtual/www/pix_mail/new_contact.php on line 202
[11-Sep-2022 19:44:03 Europe/Prague] PHP Fatal error:  Call to undefined function getName() in /data/web/virtuals/284558/virtual/www/pix_mail/new_contact.php on line 202
[11-Sep-2022 19:44:05 Europe/Prague] PHP Fatal error:  Call to undefined function getName() in /data/web/virtuals/284558/virtual/www/pix_mail/new_contact.php on line 202
[11-Sep-2022 19:44:59 Europe/Prague] PHP Fatal error:  Call to undefined function getName() in /data/web/virtuals/284558/virtual/www/pix_mail/new_contact.php on line 202
[11-Sep-2022 19:51:13 Europe/Prague] PHP Fatal error:  Call to undefined function getName() in /data/web/virtuals/284558/virtual/www/pix_mail/new_contact.php on line 202
[11-Sep-2022 19:52:59 Europe/Prague] PHP Fatal error:  Call to undefined function getName() in /data/web/virtuals/284558/virtual/www/pix_mail/new_contact.php on line 202
[11-Sep-2022 20:02:27 Europe/Prague] PHP Notice:  Use of undefined constant wes1 - assumed 'wes1' in /data/web/virtuals/284558/virtual/www/pix_mail/new_contact.php on line 189
[11-Sep-2022 20:02:27 Europe/Prague] PHP Notice:  Use of undefined constant smtp - assumed 'smtp' in /data/web/virtuals/284558/virtual/www/pix_mail/new_contact.php on line 189
[11-Sep-2022 20:02:27 Europe/Prague] PHP Notice:  Use of undefined constant wedos - assumed 'wedos' in /data/web/virtuals/284558/virtual/www/pix_mail/new_contact.php on line 189
[11-Sep-2022 20:02:27 Europe/Prague] PHP Notice:  Use of undefined constant net - assumed 'net' in /data/web/virtuals/284558/virtual/www/pix_mail/new_contact.php on line 189
[11-Sep-2022 20:02:27 Europe/Prague] PHP Notice:  Use of undefined constant smtp - assumed 'smtp' in /data/web/virtuals/284558/virtual/www/pix_mail/new_contact.php on line 191
[11-Sep-2022 20:02:27 Europe/Prague] PHP Notice:  Use of undefined constant plushouse - assumed 'plushouse' in /data/web/virtuals/284558/virtual/www/pix_mail/new_contact.php on line 191
[11-Sep-2022 20:02:27 Europe/Prague] PHP Notice:  Use of undefined constant cz - assumed 'cz' in /data/web/virtuals/284558/virtual/www/pix_mail/new_contact.php on line 191
[11-Sep-2022 20:02:27 Europe/Prague] PHP Notice:  Use of undefined constant Kunda2002111 - assumed 'Kunda2002111' in /data/web/virtuals/284558/virtual/www/pix_mail/new_contact.php on line 192
[12-Sep-2022 12:15:24 Europe/Prague] PHP Notice:  Use of undefined constant wes1 - assumed 'wes1' in /data/web/virtuals/284558/virtual/www/pix_mail/new_contact.php on line 189
[12-Sep-2022 12:15:24 Europe/Prague] PHP Notice:  Use of undefined constant smtp - assumed 'smtp' in /data/web/virtuals/284558/virtual/www/pix_mail/new_contact.php on line 189
[12-Sep-2022 12:15:24 Europe/Prague] PHP Notice:  Use of undefined constant wedos - assumed 'wedos' in /data/web/virtuals/284558/virtual/www/pix_mail/new_contact.php on line 189
[12-Sep-2022 12:15:24 Europe/Prague] PHP Notice:  Use of undefined constant net - assumed 'net' in /data/web/virtuals/284558/virtual/www/pix_mail/new_contact.php on line 189
[12-Sep-2022 12:15:24 Europe/Prague] PHP Notice:  Use of undefined constant smtp - assumed 'smtp' in /data/web/virtuals/284558/virtual/www/pix_mail/new_contact.php on line 191
[12-Sep-2022 12:15:24 Europe/Prague] PHP Notice:  Use of undefined constant plushouse - assumed 'plushouse' in /data/web/virtuals/284558/virtual/www/pix_mail/new_contact.php on line 191
[12-Sep-2022 12:15:24 Europe/Prague] PHP Notice:  Use of undefined constant cz - assumed 'cz' in /data/web/virtuals/284558/virtual/www/pix_mail/new_contact.php on line 191
[12-Sep-2022 12:15:24 Europe/Prague] PHP Notice:  Use of undefined constant Kunda2002111 - assumed 'Kunda2002111' in /data/web/virtuals/284558/virtual/www/pix_mail/new_contact.php on line 192
[12-Sep-2022 12:15:29 Europe/Prague] PHP Notice:  Use of undefined constant wes1 - assumed 'wes1' in /data/web/virtuals/284558/virtual/www/pix_mail/new_contact.php on line 189
[12-Sep-2022 12:15:29 Europe/Prague] PHP Notice:  Use of undefined constant smtp - assumed 'smtp' in /data/web/virtuals/284558/virtual/www/pix_mail/new_contact.php on line 189
[12-Sep-2022 12:15:29 Europe/Prague] PHP Notice:  Use of undefined constant wedos - assumed 'wedos' in /data/web/virtuals/284558/virtual/www/pix_mail/new_contact.php on line 189
[12-Sep-2022 12:15:29 Europe/Prague] PHP Notice:  Use of undefined constant net - assumed 'net' in /data/web/virtuals/284558/virtual/www/pix_mail/new_contact.php on line 189
[12-Sep-2022 12:15:29 Europe/Prague] PHP Notice:  Use of undefined constant smtp - assumed 'smtp' in /data/web/virtuals/284558/virtual/www/pix_mail/new_contact.php on line 191
[12-Sep-2022 12:15:29 Europe/Prague] PHP Notice:  Use of undefined constant plushouse - assumed 'plushouse' in /data/web/virtuals/284558/virtual/www/pix_mail/new_contact.php on line 191
[12-Sep-2022 12:15:29 Europe/Prague] PHP Notice:  Use of undefined constant cz - assumed 'cz' in /data/web/virtuals/284558/virtual/www/pix_mail/new_contact.php on line 191
[12-Sep-2022 12:15:29 Europe/Prague] PHP Notice:  Use of undefined constant Kunda2002111 - assumed 'Kunda2002111' in /data/web/virtuals/284558/virtual/www/pix_mail/new_contact.php on line 192
[30-Sep-2022 13:56:45 Europe/Prague] PHP Parse error:  syntax error, unexpected '[' in /data/web/virtuals/284558/virtual/www/pix_mail/phpmailer/class.phpmailer.php on line 167
[30-Sep-2022 13:57:00 Europe/Prague] PHP Parse error:  syntax error, unexpected '[' in /data/web/virtuals/284558/virtual/www/pix_mail/phpmailer/class.phpmailer.php on line 167
[30-Sep-2022 13:57:57 Europe/Prague] PHP Parse error:  syntax error, unexpected '(' in /data/web/virtuals/284558/virtual/www/pix_mail/phpmailer/class.phpmailer.php on line 167
[30-Sep-2022 13:58:30 Europe/Prague] PHP Parse error:  syntax error, unexpected T_STRING, expecting T_VARIABLE in /data/web/virtuals/284558/virtual/www/pix_mail/phpmailer/class.phpmailer.php on line 169
[30-Sep-2022 13:58:55 Europe/Prague] PHP Parse error:  syntax error, unexpected '[' in /data/web/virtuals/284558/virtual/www/pix_mail/phpmailer/class.phpmailer.php on line 326
[30-Sep-2022 13:59:45 Europe/Prague] PHP Parse error:  syntax error, unexpected '[' in /data/web/virtuals/284558/virtual/www/pix_mail/phpmailer/class.phpmailer.php on line 447
[30-Sep-2022 14:00:11 Europe/Prague] PHP Parse error:  syntax error, unexpected '[' in /data/web/virtuals/284558/virtual/www/pix_mail/phpmailer/class.phpmailer.php on line 513
[30-Sep-2022 14:01:44 Europe/Prague] PHP Parse error:  syntax error, unexpected '[' in /data/web/virtuals/284558/virtual/www/pix_mail/phpmailer/class.phpmailer.php on line 894
[30-Sep-2022 14:02:31 Europe/Prague] PHP Parse error:  syntax error, unexpected '[' in /data/web/virtuals/284558/virtual/www/pix_mail/phpmailer/class.phpmailer.php on line 1094
[30-Sep-2022 14:03:20 Europe/Prague] PHP Parse error:  syntax error, unexpected '[', expecting ')' in /data/web/virtuals/284558/virtual/www/pix_mail/phpmailer/class.phpmailer.php on line 1114
[30-Sep-2022 14:03:37 Europe/Prague] PHP Parse error:  syntax error, unexpected '[', expecting ')' in /data/web/virtuals/284558/virtual/www/pix_mail/phpmailer/class.phpmailer.php on line 1114
[30-Sep-2022 14:04:29 Europe/Prague] PHP Parse error:  syntax error, unexpected ']' in /data/web/virtuals/284558/virtual/www/pix_mail/phpmailer/class.phpmailer.php on line 1100
[30-Sep-2022 14:05:05 Europe/Prague] PHP Fatal error:  Can't use method return value in write context in /data/web/virtuals/284558/virtual/www/pix_mail/phpmailer/class.phpmailer.php on line 1100
[30-Sep-2022 14:05:48 Europe/Prague] PHP Parse error:  syntax error, unexpected T_ELSEIF, expecting T_FUNCTION in /data/web/virtuals/284558/virtual/www/pix_mail/phpmailer/class.phpmailer.php on line 1094
[30-Sep-2022 14:11:16 Europe/Prague] PHP Parse error:  syntax error, unexpected T_ELSEIF, expecting T_FUNCTION in /data/web/virtuals/284558/virtual/www/pix_mail/phpmailer/class.phpmailer.php on line 1094
[30-Sep-2022 14:21:29 Europe/Prague] PHP Deprecated:  __autoload() is deprecated, use spl_autoload_register() instead in /data/web/virtuals/284558/virtual/www/pix_mail/phpmailer/PHPMailerAutoload.php on line 45
[30-Sep-2022 14:21:29 Europe/Prague] PHP Parse error:  syntax error, unexpected 'elseif' (T_ELSEIF), expecting function (T_FUNCTION) or const (T_CONST) in /data/web/virtuals/284558/virtual/www/pix_mail/phpmailer/class.phpmailer.php on line 1094
[30-Sep-2022 14:51:13 Europe/Prague] PHP Deprecated:  __autoload() is deprecated, use spl_autoload_register() instead in /data/web/virtuals/284558/virtual/www/pix_mail/phpmailer/PHPMailerAutoload.php on line 45
[30-Sep-2022 14:51:13 Europe/Prague] PHP Parse error:  syntax error, unexpected 'elseif' (T_ELSEIF), expecting function (T_FUNCTION) or const (T_CONST) in /data/web/virtuals/284558/virtual/www/pix_mail/phpmailer/class.phpmailer.php on line 1094
[30-Sep-2022 14:52:20 Europe/Prague] PHP Deprecated:  __autoload() is deprecated, use spl_autoload_register() instead in /data/web/virtuals/284558/virtual/www/pix_mail/phpmailer/PHPMailerAutoload.php on line 45
[30-Sep-2022 14:52:20 Europe/Prague] PHP Parse error:  syntax error, unexpected 'elseif' (T_ELSEIF), expecting function (T_FUNCTION) or const (T_CONST) in /data/web/virtuals/284558/virtual/www/pix_mail/phpmailer/class.phpmailer.php on line 1094
[30-Sep-2022 14:55:56 Europe/Prague] PHP Deprecated:  __autoload() is deprecated, use spl_autoload_register() instead in /data/web/virtuals/284558/virtual/www/pix_mail/phpmailer/PHPMailerAutoload.php on line 45
[30-Sep-2022 14:55:56 Europe/Prague] PHP Parse error:  syntax error, unexpected 'elseif' (T_ELSEIF), expecting function (T_FUNCTION) or const (T_CONST) in /data/web/virtuals/284558/virtual/www/pix_mail/phpmailer/class.phpmailer.php on line 1094
[30-Sep-2022 14:56:05 Europe/Prague] PHP Deprecated:  __autoload() is deprecated, use spl_autoload_register() instead in /data/web/virtuals/284558/virtual/www/pix_mail/phpmailer/PHPMailerAutoload.php on line 45
[30-Sep-2022 14:56:05 Europe/Prague] PHP Parse error:  syntax error, unexpected 'elseif' (T_ELSEIF), expecting function (T_FUNCTION) or const (T_CONST) in /data/web/virtuals/284558/virtual/www/pix_mail/phpmailer/class.phpmailer.php on line 1094
[30-Sep-2022 14:56:23 Europe/Prague] PHP Deprecated:  __autoload() is deprecated, use spl_autoload_register() instead in /data/web/virtuals/284558/virtual/www/pix_mail/phpmailer/PHPMailerAutoload.php on line 45
[30-Sep-2022 14:56:23 Europe/Prague] PHP Parse error:  syntax error, unexpected 'elseif' (T_ELSEIF), expecting function (T_FUNCTION) or const (T_CONST) in /data/web/virtuals/284558/virtual/www/pix_mail/phpmailer/class.phpmailer.php on line 1094
[30-Sep-2022 14:57:45 Europe/Prague] PHP Deprecated:  __autoload() is deprecated, use spl_autoload_register() instead in /data/web/virtuals/284558/virtual/www/pix_mail/phpmailer/PHPMailerAutoload.php on line 45
[30-Sep-2022 15:07:24 Europe/Prague] PHP Warning:  Use of undefined constant “smtp” - assumed '“smtp”' (this will throw an Error in a future version of PHP) in /data/web/virtuals/284558/virtual/www/pix_mail/config.php on line 2
[30-Sep-2022 15:07:24 Europe/Prague] PHP Deprecated:  __autoload() is deprecated, use spl_autoload_register() instead in /data/web/virtuals/284558/virtual/www/pix_mail/phpmailer/PHPMailerAutoload.php on line 45
[30-Sep-2022 15:07:51 Europe/Prague] PHP Warning:  Use of undefined constant “smtp” - assumed '“smtp”' (this will throw an Error in a future version of PHP) in /data/web/virtuals/284558/virtual/www/pix_mail/config.php on line 2
[30-Sep-2022 15:07:51 Europe/Prague] PHP Deprecated:  __autoload() is deprecated, use spl_autoload_register() instead in /data/web/virtuals/284558/virtual/www/pix_mail/phpmailer/PHPMailerAutoload.php on line 45
[30-Sep-2022 15:08:14 Europe/Prague] PHP Warning:  Use of undefined constant “smtp” - assumed '“smtp”' (this will throw an Error in a future version of PHP) in /data/web/virtuals/284558/virtual/www/pix_mail/config.php on line 2
[30-Sep-2022 15:08:14 Europe/Prague] PHP Deprecated:  __autoload() is deprecated, use spl_autoload_register() instead in /data/web/virtuals/284558/virtual/www/pix_mail/phpmailer/PHPMailerAutoload.php on line 45
[30-Sep-2022 15:13:40 Europe/Prague] PHP Warning:  Use of undefined constant “smtp” - assumed '“smtp”' (this will throw an Error in a future version of PHP) in /data/web/virtuals/284558/virtual/www/pix_mail/config.php on line 2
[30-Sep-2022 15:13:40 Europe/Prague] PHP Deprecated:  __autoload() is deprecated, use spl_autoload_register() instead in /data/web/virtuals/284558/virtual/www/pix_mail/phpmailer/PHPMailerAutoload.php on line 45
[30-Sep-2022 15:13:50 Europe/Prague] PHP Warning:  Use of undefined constant “smtp” - assumed '“smtp”' (this will throw an Error in a future version of PHP) in /data/web/virtuals/284558/virtual/www/pix_mail/config.php on line 2
[30-Sep-2022 15:13:50 Europe/Prague] PHP Deprecated:  __autoload() is deprecated, use spl_autoload_register() instead in /data/web/virtuals/284558/virtual/www/pix_mail/phpmailer/PHPMailerAutoload.php on line 45
[30-Sep-2022 15:14:35 Europe/Prague] PHP Warning:  Use of undefined constant “smtp” - assumed '“smtp”' (this will throw an Error in a future version of PHP) in /data/web/virtuals/284558/virtual/www/pix_mail/config.php on line 2
[30-Sep-2022 15:14:35 Europe/Prague] PHP Deprecated:  __autoload() is deprecated, use spl_autoload_register() instead in /data/web/virtuals/284558/virtual/www/pix_mail/phpmailer/PHPMailerAutoload.php on line 45
[30-Sep-2022 15:14:35 Europe/Prague] PHP Notice:  Undefined index: EN in /data/web/virtuals/284558/virtual/www/pix_mail/new_contact.php on line 222
[30-Sep-2022 15:14:35 Europe/Prague] PHP Notice:  Trying to access array offset on value of type null in /data/web/virtuals/284558/virtual/www/pix_mail/new_contact.php on line 222
[30-Sep-2022 15:15:16 Europe/Prague] PHP Warning:  Use of undefined constant “smtp” - assumed '“smtp”' (this will throw an Error in a future version of PHP) in /data/web/virtuals/284558/virtual/www/pix_mail/config.php on line 2
[30-Sep-2022 15:15:16 Europe/Prague] PHP Warning:  utf8_encode() expects parameter 1 to be string, array given in /data/web/virtuals/284558/virtual/www/pix_mail/messages.php on line 13
[30-Sep-2022 15:15:16 Europe/Prague] PHP Deprecated:  __autoload() is deprecated, use spl_autoload_register() instead in /data/web/virtuals/284558/virtual/www/pix_mail/phpmailer/PHPMailerAutoload.php on line 45
[30-Sep-2022 15:16:45 Europe/Prague] PHP Warning:  Use of undefined constant “smtp” - assumed '“smtp”' (this will throw an Error in a future version of PHP) in /data/web/virtuals/284558/virtual/www/pix_mail/config.php on line 2
[30-Sep-2022 15:16:45 Europe/Prague] PHP Parse error:  syntax error, unexpected '$lang' (T_VARIABLE) in /data/web/virtuals/284558/virtual/www/pix_mail/messages.php on line 2
[30-Sep-2022 15:17:26 Europe/Prague] PHP Warning:  Use of undefined constant “smtp” - assumed '“smtp”' (this will throw an Error in a future version of PHP) in /data/web/virtuals/284558/virtual/www/pix_mail/config.php on line 2
[30-Sep-2022 15:17:26 Europe/Prague] PHP Deprecated:  __autoload() is deprecated, use spl_autoload_register() instead in /data/web/virtuals/284558/virtual/www/pix_mail/phpmailer/PHPMailerAutoload.php on line 45
[30-Sep-2022 15:21:14 Europe/Prague] PHP Warning:  Use of undefined constant “smtp” - assumed '“smtp”' (this will throw an Error in a future version of PHP) in /data/web/virtuals/284558/virtual/www/pix_mail/config.php on line 3
[30-Sep-2022 15:21:14 Europe/Prague] PHP Deprecated:  __autoload() is deprecated, use spl_autoload_register() instead in /data/web/virtuals/284558/virtual/www/pix_mail/phpmailer/PHPMailerAutoload.php on line 45
[30-Sep-2022 15:23:52 Europe/Prague] PHP Warning:  Use of undefined constant “smtp” - assumed '“smtp”' (this will throw an Error in a future version of PHP) in /data/web/virtuals/284558/virtual/www/pix_mail/config.php on line 3
[30-Sep-2022 15:23:52 Europe/Prague] PHP Parse error:  syntax error, unexpected 'array' (T_ARRAY) in /data/web/virtuals/284558/virtual/www/pix_mail/messages.php on line 3
[30-Sep-2022 15:24:56 Europe/Prague] PHP Parse error:  syntax error, unexpected '“smtp”' (T_STRING) in /data/web/virtuals/284558/virtual/www/pix_mail/config.php on line 3
[30-Sep-2022 15:27:03 Europe/Prague] PHP Parse error:  syntax error, unexpected '“smtp”' (T_STRING) in /data/web/virtuals/284558/virtual/www/pix_mail/config.php on line 3
[30-Sep-2022 15:27:11 Europe/Prague] PHP Parse error:  syntax error, unexpected '“smtp”' (T_STRING) in /data/web/virtuals/284558/virtual/www/pix_mail/config.php on line 3
[30-Sep-2022 15:28:12 Europe/Prague] PHP Warning:  Use of undefined constant “smtp” - assumed '“smtp”' (this will throw an Error in a future version of PHP) in /data/web/virtuals/284558/virtual/www/pix_mail/config.php on line 3
[30-Sep-2022 15:28:12 Europe/Prague] PHP Deprecated:  __autoload() is deprecated, use spl_autoload_register() instead in /data/web/virtuals/284558/virtual/www/pix_mail/phpmailer/PHPMailerAutoload.php on line 45
[30-Sep-2022 15:29:48 Europe/Prague] PHP Warning:  Use of undefined constant “smtp” - assumed '“smtp”' (this will throw an Error in a future version of PHP) in /data/web/virtuals/284558/virtual/www/pix_mail/config.php on line 3
[30-Sep-2022 15:29:48 Europe/Prague] PHP Deprecated:  __autoload() is deprecated, use spl_autoload_register() instead in /data/web/virtuals/284558/virtual/www/pix_mail/phpmailer/PHPMailerAutoload.php on line 45
[30-Sep-2022 15:33:07 Europe/Prague] PHP Warning:  Use of undefined constant “smtp” - assumed '“smtp”' (this will throw an Error in a future version of PHP) in /data/web/virtuals/284558/virtual/www/pix_mail/config.php on line 3
[30-Sep-2022 15:33:07 Europe/Prague] PHP Deprecated:  __autoload() is deprecated, use spl_autoload_register() instead in /data/web/virtuals/284558/virtual/www/pix_mail/phpmailer/PHPMailerAutoload.php on line 45
[30-Sep-2022 15:35:41 Europe/Prague] PHP Warning:  Use of undefined constant “smtp” - assumed '“smtp”' (this will throw an Error in a future version of PHP) in /data/web/virtuals/284558/virtual/www/pix_mail/config.php on line 3
[30-Sep-2022 15:35:41 Europe/Prague] PHP Deprecated:  __autoload() is deprecated, use spl_autoload_register() instead in /data/web/virtuals/284558/virtual/www/pix_mail/phpmailer/PHPMailerAutoload.php on line 45
[30-Sep-2022 15:36:00 Europe/Prague] PHP Warning:  Use of undefined constant “smtp” - assumed '“smtp”' (this will throw an Error in a future version of PHP) in /data/web/virtuals/284558/virtual/www/pix_mail/config.php on line 3
[30-Sep-2022 15:36:00 Europe/Prague] PHP Deprecated:  __autoload() is deprecated, use spl_autoload_register() instead in /data/web/virtuals/284558/virtual/www/pix_mail/phpmailer/PHPMailerAutoload.php on line 45
[04-Oct-2022 22:25:31 Europe/Prague] PHP Warning:  Use of undefined constant “smtp” - assumed '“smtp”' (this will throw an Error in a future version of PHP) in /data/web/virtuals/284558/virtual/www/pix_mail/config.php on line 3
[04-Oct-2022 22:25:31 Europe/Prague] PHP Deprecated:  __autoload() is deprecated, use spl_autoload_register() instead in /data/web/virtuals/284558/virtual/www/pix_mail/phpmailer/PHPMailerAutoload.php on line 45
[19-Oct-2022 11:36:16 Europe/Prague] PHP Warning:  Use of undefined constant “smtp” - assumed '“smtp”' (this will throw an Error in a future version of PHP) in /data/web/virtuals/284558/virtual/www/pix_mail/config.php on line 3
[19-Oct-2022 11:36:16 Europe/Prague] PHP Deprecated:  __autoload() is deprecated, use spl_autoload_register() instead in /data/web/virtuals/284558/virtual/www/pix_mail/phpmailer/PHPMailerAutoload.php on line 45
[19-Oct-2022 19:11:11 Europe/Prague] PHP Warning:  Use of undefined constant “smtp” - assumed '“smtp”' (this will throw an Error in a future version of PHP) in /data/web/virtuals/284558/virtual/www/pix_mail/config.php on line 3
[19-Oct-2022 19:11:11 Europe/Prague] PHP Deprecated:  __autoload() is deprecated, use spl_autoload_register() instead in /data/web/virtuals/284558/virtual/www/pix_mail/phpmailer/PHPMailerAutoload.php on line 45
[22-Oct-2022 07:40:04 Europe/Prague] PHP Warning:  Use of undefined constant “smtp” - assumed '“smtp”' (this will throw an Error in a future version of PHP) in /data/web/virtuals/284558/virtual/www/pix_mail/config.php on line 3
[22-Oct-2022 07:40:04 Europe/Prague] PHP Deprecated:  __autoload() is deprecated, use spl_autoload_register() instead in /data/web/virtuals/284558/virtual/www/pix_mail/phpmailer/PHPMailerAutoload.php on line 45
[27-Oct-2022 12:17:43 Europe/Prague] PHP Warning:  Use of undefined constant “smtp” - assumed '“smtp”' (this will throw an Error in a future version of PHP) in /data/web/virtuals/284558/virtual/www/pix_mail/config.php on line 3
[27-Oct-2022 12:17:43 Europe/Prague] PHP Deprecated:  __autoload() is deprecated, use spl_autoload_register() instead in /data/web/virtuals/284558/virtual/www/pix_mail/phpmailer/PHPMailerAutoload.php on line 45
[13-Nov-2022 01:16:16 Europe/Prague] PHP Warning:  Use of undefined constant “smtp” - assumed '“smtp”' (this will throw an Error in a future version of PHP) in /data/web/virtuals/284558/virtual/www/pix_mail/config.php on line 3
[13-Nov-2022 01:16:16 Europe/Prague] PHP Deprecated:  __autoload() is deprecated, use spl_autoload_register() instead in /data/web/virtuals/284558/virtual/www/pix_mail/phpmailer/PHPMailerAutoload.php on line 45
[26-Nov-2022 23:27:21 Europe/Prague] PHP Warning:  Use of undefined constant “smtp” - assumed '“smtp”' (this will throw an Error in a future version of PHP) in /data/web/virtuals/284558/virtual/www/pix_mail/config.php on line 3
[26-Nov-2022 23:27:21 Europe/Prague] PHP Deprecated:  __autoload() is deprecated, use spl_autoload_register() instead in /data/web/virtuals/284558/virtual/www/pix_mail/phpmailer/PHPMailerAutoload.php on line 45
[01-Dec-2022 23:28:01 Europe/Prague] PHP Warning:  Use of undefined constant “smtp” - assumed '“smtp”' (this will throw an Error in a future version of PHP) in /data/web/virtuals/284558/virtual/www/pix_mail/config.php on line 3
[01-Dec-2022 23:28:01 Europe/Prague] PHP Deprecated:  __autoload() is deprecated, use spl_autoload_register() instead in /data/web/virtuals/284558/virtual/www/pix_mail/phpmailer/PHPMailerAutoload.php on line 45
[07-Dec-2022 13:29:11 Europe/Prague] PHP Warning:  Use of undefined constant “smtp” - assumed '“smtp”' (this will throw an Error in a future version of PHP) in /data/web/virtuals/284558/virtual/www/pix_mail/config.php on line 3
[07-Dec-2022 13:29:11 Europe/Prague] PHP Deprecated:  __autoload() is deprecated, use spl_autoload_register() instead in /data/web/virtuals/284558/virtual/www/pix_mail/phpmailer/PHPMailerAutoload.php on line 45
[04-Apr-2023 14:13:35 Europe/Prague] PHP Warning:  Use of undefined constant “smtp” - assumed '“smtp”' (this will throw an Error in a future version of PHP) in /data/web/virtuals/284558/virtual/www/pix_mail/config.php on line 3
[04-Apr-2023 14:13:35 Europe/Prague] PHP Deprecated:  __autoload() is deprecated, use spl_autoload_register() instead in /data/web/virtuals/284558/virtual/www/pix_mail/phpmailer/PHPMailerAutoload.php on line 45
[16-Jul-2023 08:59:35 Europe/Prague] PHP Warning:  Use of undefined constant “smtp” - assumed '“smtp”' (this will throw an Error in a future version of PHP) in /data/web/virtuals/284558/virtual/www/pix_mail/config.php on line 3
[16-Jul-2023 08:59:35 Europe/Prague] PHP Deprecated:  __autoload() is deprecated, use spl_autoload_register() instead in /data/web/virtuals/284558/virtual/www/pix_mail/phpmailer/PHPMailerAutoload.php on line 45
[28-Jul-2023 13:41:25 Europe/Prague] PHP Warning:  Use of undefined constant “smtp” - assumed '“smtp”' (this will throw an Error in a future version of PHP) in /data/web/virtuals/284558/virtual/www/pix_mail/config.php on line 3
[28-Jul-2023 13:41:25 Europe/Prague] PHP Deprecated:  __autoload() is deprecated, use spl_autoload_register() instead in /data/web/virtuals/284558/virtual/www/pix_mail/phpmailer/PHPMailerAutoload.php on line 45
[02-Aug-2023 17:35:23 Europe/Prague] PHP Warning:  Use of undefined constant “smtp” - assumed '“smtp”' (this will throw an Error in a future version of PHP) in /data/web/virtuals/284558/virtual/www/pix_mail/config.php on line 3
[02-Aug-2023 17:35:23 Europe/Prague] PHP Deprecated:  __autoload() is deprecated, use spl_autoload_register() instead in /data/web/virtuals/284558/virtual/www/pix_mail/phpmailer/PHPMailerAutoload.php on line 45
[02-Aug-2023 17:44:56 Europe/Prague] PHP Warning:  Use of undefined constant “smtp” - assumed '“smtp”' (this will throw an Error in a future version of PHP) in /data/web/virtuals/284558/virtual/www/pix_mail/config.php on line 3
[02-Aug-2023 17:44:56 Europe/Prague] PHP Deprecated:  __autoload() is deprecated, use spl_autoload_register() instead in /data/web/virtuals/284558/virtual/www/pix_mail/phpmailer/PHPMailerAutoload.php on line 45
[02-Aug-2023 19:52:45 Europe/Prague] PHP Warning:  Use of undefined constant “smtp” - assumed '“smtp”' (this will throw an Error in a future version of PHP) in /data/web/virtuals/284558/virtual/www/NEW/pix_mail/config.php on line 3
[02-Aug-2023 19:52:45 Europe/Prague] PHP Deprecated:  __autoload() is deprecated, use spl_autoload_register() instead in /data/web/virtuals/284558/virtual/www/NEW/pix_mail/phpmailer/PHPMailerAutoload.php on line 45
[02-Aug-2023 19:53:51 Europe/Prague] PHP Warning:  Use of undefined constant “smtp” - assumed '“smtp”' (this will throw an Error in a future version of PHP) in /data/web/virtuals/284558/virtual/www/NEW/pix_mail/config.php on line 3
[02-Aug-2023 19:53:51 Europe/Prague] PHP Deprecated:  __autoload() is deprecated, use spl_autoload_register() instead in /data/web/virtuals/284558/virtual/www/NEW/pix_mail/phpmailer/PHPMailerAutoload.php on line 45
[03-Aug-2023 00:17:06 Europe/Prague] PHP Warning:  Use of undefined constant “smtp” - assumed '“smtp”' (this will throw an Error in a future version of PHP) in /data/web/virtuals/284558/virtual/www/NEW/pix_mail/config.php on line 3
[03-Aug-2023 00:17:06 Europe/Prague] PHP Deprecated:  __autoload() is deprecated, use spl_autoload_register() instead in /data/web/virtuals/284558/virtual/www/NEW/pix_mail/phpmailer/PHPMailerAutoload.php on line 45
[14-Aug-2023 16:44:36 Europe/Prague] PHP Warning:  Use of undefined constant “smtp” - assumed '“smtp”' (this will throw an Error in a future version of PHP) in /data/web/virtuals/284558/virtual/www/NEW/pix_mail/config.php on line 3
[14-Aug-2023 16:44:36 Europe/Prague] PHP Deprecated:  __autoload() is deprecated, use spl_autoload_register() instead in /data/web/virtuals/284558/virtual/www/NEW/pix_mail/phpmailer/PHPMailerAutoload.php on line 45
[16-Aug-2023 16:33:02 Europe/Prague] PHP Warning:  Use of undefined constant “smtp” - assumed '“smtp”' (this will throw an Error in a future version of PHP) in /data/web/virtuals/284558/virtual/www/pix_mail/config.php on line 3
[16-Aug-2023 16:33:02 Europe/Prague] PHP Deprecated:  __autoload() is deprecated, use spl_autoload_register() instead in /data/web/virtuals/284558/virtual/www/pix_mail/phpmailer/PHPMailerAutoload.php on line 45
[18-Aug-2023 16:33:44 Europe/Prague] PHP Warning:  Use of undefined constant “smtp” - assumed '“smtp”' (this will throw an Error in a future version of PHP) in /data/web/virtuals/284558/virtual/www/pix_mail/config.php on line 3
[18-Aug-2023 16:33:57 Europe/Prague] PHP Warning:  Use of undefined constant “smtp” - assumed '“smtp”' (this will throw an Error in a future version of PHP) in /data/web/virtuals/284558/virtual/www/pix_mail/config.php on line 3
[18-Aug-2023 16:34:12 Europe/Prague] PHP Warning:  Use of undefined constant “smtp” - assumed '“smtp”' (this will throw an Error in a future version of PHP) in /data/web/virtuals/284558/virtual/www/pix_mail/config.php on line 3
[18-Aug-2023 16:34:26 Europe/Prague] PHP Warning:  Use of undefined constant “smtp” - assumed '“smtp”' (this will throw an Error in a future version of PHP) in /data/web/virtuals/284558/virtual/www/pix_mail/config.php on line 3
[18-Aug-2023 16:37:03 Europe/Prague] PHP Warning:  Use of undefined constant “smtp” - assumed '“smtp”' (this will throw an Error in a future version of PHP) in /data/web/virtuals/284558/virtual/www/pix_mail/config.php on line 3
[18-Aug-2023 16:41:25 Europe/Prague] PHP Warning:  Use of undefined constant “smtp” - assumed '“smtp”' (this will throw an Error in a future version of PHP) in /data/web/virtuals/284558/virtual/www/pix_mail/config.php on line 3
[18-Aug-2023 16:41:46 Europe/Prague] PHP Warning:  Use of undefined constant “smtp” - assumed '“smtp”' (this will throw an Error in a future version of PHP) in /data/web/virtuals/284558/virtual/www/pix_mail/config.php on line 3
[18-Aug-2023 16:42:28 Europe/Prague] PHP Warning:  Use of undefined constant “smtp” - assumed '“smtp”' (this will throw an Error in a future version of PHP) in /data/web/virtuals/284558/virtual/www/pix_mail/config.php on line 3
[18-Aug-2023 16:44:38 Europe/Prague] PHP Warning:  Use of undefined constant “smtp” - assumed '“smtp”' (this will throw an Error in a future version of PHP) in /data/web/virtuals/284558/virtual/www/pix_mail/config.php on line 3
[18-Aug-2023 16:45:59 Europe/Prague] PHP Warning:  Use of undefined constant “smtp” - assumed '“smtp”' (this will throw an Error in a future version of PHP) in /data/web/virtuals/284558/virtual/www/pix_mail/config.php on line 3
[18-Aug-2023 16:46:01 Europe/Prague] PHP Notice:  Undefined variable: token in /data/web/virtuals/284558/virtual/www/pix_mail/new_contact.php on line 347
[18-Aug-2023 16:46:01 Europe/Prague] PHP Notice:  Undefined variable: key in /data/web/virtuals/284558/virtual/www/pix_mail/new_contact.php on line 350
[18-Aug-2023 16:46:01 Europe/Prague] PHP Fatal error:  Uncaught Error: Class 'AWeberAPI' not found in /data/web/virtuals/284558/virtual/www/pix_mail/new_contact.php:352
Stack trace:
#0 {main}
  thrown in /data/web/virtuals/284558/virtual/www/pix_mail/new_contact.php on line 352
[18-Aug-2023 16:46:05 Europe/Prague] PHP Notice:  Undefined variable: token in /data/web/virtuals/284558/virtual/www/pix_mail/new_contact.php on line 347
[18-Aug-2023 16:46:05 Europe/Prague] PHP Notice:  Undefined variable: key in /data/web/virtuals/284558/virtual/www/pix_mail/new_contact.php on line 350
[18-Aug-2023 16:46:05 Europe/Prague] PHP Fatal error:  Uncaught Error: Class 'AWeberAPI' not found in /data/web/virtuals/284558/virtual/www/pix_mail/new_contact.php:352
Stack trace:
#0 {main}
  thrown in /data/web/virtuals/284558/virtual/www/pix_mail/new_contact.php on line 352
[18-Aug-2023 16:46:06 Europe/Prague] PHP Notice:  Undefined variable: token in /data/web/virtuals/284558/virtual/www/pix_mail/new_contact.php on line 347
[18-Aug-2023 16:46:06 Europe/Prague] PHP Notice:  Undefined variable: key in /data/web/virtuals/284558/virtual/www/pix_mail/new_contact.php on line 350
[18-Aug-2023 16:46:06 Europe/Prague] PHP Fatal error:  Uncaught Error: Class 'AWeberAPI' not found in /data/web/virtuals/284558/virtual/www/pix_mail/new_contact.php:352
Stack trace:
#0 {main}
  thrown in /data/web/virtuals/284558/virtual/www/pix_mail/new_contact.php on line 352
[18-Aug-2023 17:06:55 Europe/Prague] PHP Warning:  Use of undefined constant “smtp” - assumed '“smtp”' (this will throw an Error in a future version of PHP) in /data/web/virtuals/284558/virtual/www/pix_mail/config.php on line 3
[18-Aug-2023 17:12:28 Europe/Prague] PHP Warning:  Use of undefined constant “smtp” - assumed '“smtp”' (this will throw an Error in a future version of PHP) in /data/web/virtuals/284558/virtual/www/pix_mail/config.php on line 3
[18-Aug-2023 17:12:28 Europe/Prague] PHP Deprecated:  __autoload() is deprecated, use spl_autoload_register() instead in /data/web/virtuals/284558/virtual/www/pix_mail/phpmailer/PHPMailerAutoload.php on line 45
[18-Aug-2023 17:20:24 Europe/Prague] PHP Warning:  Use of undefined constant “smtp” - assumed '“smtp”' (this will throw an Error in a future version of PHP) in /data/web/virtuals/284558/virtual/www/pix_mail/config.php on line 3
[18-Aug-2023 17:20:24 Europe/Prague] PHP Deprecated:  __autoload() is deprecated, use spl_autoload_register() instead in /data/web/virtuals/284558/virtual/www/pix_mail/phpmailer/PHPMailerAutoload.php on line 45
[24-Aug-2023 14:26:51 Europe/Prague] PHP Warning:  Use of undefined constant “smtp” - assumed '“smtp”' (this will throw an Error in a future version of PHP) in /data/web/virtuals/284558/virtual/www/pix_mail/config.php on line 3
[24-Aug-2023 14:26:51 Europe/Prague] PHP Deprecated:  __autoload() is deprecated, use spl_autoload_register() instead in /data/web/virtuals/284558/virtual/www/pix_mail/phpmailer/PHPMailerAutoload.php on line 45
[24-Aug-2023 14:29:15 Europe/Prague] PHP Warning:  Use of undefined constant “smtp” - assumed '“smtp”' (this will throw an Error in a future version of PHP) in /data/web/virtuals/284558/virtual/www/pix_mail/config.php on line 3
[24-Aug-2023 14:29:15 Europe/Prague] PHP Deprecated:  __autoload() is deprecated, use spl_autoload_register() instead in /data/web/virtuals/284558/virtual/www/pix_mail/phpmailer/PHPMailerAutoload.php on line 45
[11-Sep-2023 13:44:03 Europe/Prague] PHP Warning:  Use of undefined constant “smtp” - assumed '“smtp”' (this will throw an Error in a future version of PHP) in /data/web/virtuals/284558/virtual/www/pix_mail/config.php on line 3
[11-Sep-2023 13:44:03 Europe/Prague] PHP Deprecated:  __autoload() is deprecated, use spl_autoload_register() instead in /data/web/virtuals/284558/virtual/www/pix_mail/phpmailer/PHPMailerAutoload.php on line 45
[04-Oct-2023 10:54:16 Europe/Prague] PHP Warning:  Use of undefined constant “smtp” - assumed '“smtp”' (this will throw an Error in a future version of PHP) in /data/web/virtuals/284558/virtual/www/pix_mail/config.php on line 3
[04-Oct-2023 10:54:16 Europe/Prague] PHP Deprecated:  __autoload() is deprecated, use spl_autoload_register() instead in /data/web/virtuals/284558/virtual/www/pix_mail/phpmailer/PHPMailerAutoload.php on line 45
[05-Nov-2023 19:32:26 Europe/Prague] PHP Warning:  Use of undefined constant “smtp” - assumed '“smtp”' (this will throw an Error in a future version of PHP) in /data/web/virtuals/284558/virtual/www/pix_mail/config.php on line 3
[05-Nov-2023 19:32:26 Europe/Prague] PHP Deprecated:  __autoload() is deprecated, use spl_autoload_register() instead in /data/web/virtuals/284558/virtual/www/pix_mail/phpmailer/PHPMailerAutoload.php on line 45
[09-Nov-2023 08:08:43 Europe/Prague] PHP Warning:  Use of undefined constant “smtp” - assumed '“smtp”' (this will throw an Error in a future version of PHP) in /data/web/virtuals/284558/virtual/www/pix_mail/config.php on line 3
[09-Nov-2023 08:08:43 Europe/Prague] PHP Deprecated:  __autoload() is deprecated, use spl_autoload_register() instead in /data/web/virtuals/284558/virtual/www/pix_mail/phpmailer/PHPMailerAutoload.php on line 45
[08-Dec-2023 18:47:58 Europe/Prague] PHP Warning:  Use of undefined constant “smtp” - assumed '“smtp”' (this will throw an Error in a future version of PHP) in /data/web/virtuals/284558/virtual/www/pix_mail/config.php on line 3
[08-Dec-2023 18:47:58 Europe/Prague] PHP Deprecated:  __autoload() is deprecated, use spl_autoload_register() instead in /data/web/virtuals/284558/virtual/www/pix_mail/phpmailer/PHPMailerAutoload.php on line 45
[08-Jan-2024 20:54:18 Europe/Prague] PHP Warning:  Use of undefined constant “smtp” - assumed '“smtp”' (this will throw an Error in a future version of PHP) in /data/web/virtuals/284558/virtual/www/pix_mail/config.php on line 3
[08-Jan-2024 20:54:18 Europe/Prague] PHP Deprecated:  __autoload() is deprecated, use spl_autoload_register() instead in /data/web/virtuals/284558/virtual/www/pix_mail/phpmailer/PHPMailerAutoload.php on line 45
[17-Jan-2024 14:26:25 Europe/Prague] PHP Warning:  Use of undefined constant “smtp” - assumed '“smtp”' (this will throw an Error in a future version of PHP) in /data/web/virtuals/284558/virtual/www/pix_mail/config.php on line 3
[17-Jan-2024 14:26:25 Europe/Prague] PHP Deprecated:  __autoload() is deprecated, use spl_autoload_register() instead in /data/web/virtuals/284558/virtual/www/pix_mail/phpmailer/PHPMailerAutoload.php on line 45
[02-Mar-2024 06:07:45 Europe/Prague] PHP Warning:  Use of undefined constant “smtp” - assumed '“smtp”' (this will throw an Error in a future version of PHP) in /data/web/virtuals/284558/virtual/www/pix_mail/config.php on line 3
[02-Mar-2024 06:07:45 Europe/Prague] PHP Deprecated:  __autoload() is deprecated, use spl_autoload_register() instead in /data/web/virtuals/284558/virtual/www/pix_mail/phpmailer/PHPMailerAutoload.php on line 45
[18-Apr-2024 11:01:53 Europe/Prague] PHP Warning:  Use of undefined constant “smtp” - assumed '“smtp”' (this will throw an Error in a future version of PHP) in /data/web/virtuals/284558/virtual/www/pix_mail/config.php on line 3
[18-Apr-2024 11:02:05 Europe/Prague] PHP Warning:  Use of undefined constant “smtp” - assumed '“smtp”' (this will throw an Error in a future version of PHP) in /data/web/virtuals/284558/virtual/www/pix_mail/config.php on line 3
[19-Apr-2024 11:10:01 Europe/Prague] PHP Warning:  Use of undefined constant “smtp” - assumed '“smtp”' (this will throw an Error in a future version of PHP) in /data/web/virtuals/284558/virtual/www/pix_mail/config.php on line 3
[19-Apr-2024 11:10:01 Europe/Prague] PHP Deprecated:  __autoload() is deprecated, use spl_autoload_register() instead in /data/web/virtuals/284558/virtual/www/pix_mail/phpmailer/PHPMailerAutoload.php on line 45
[30-Apr-2024 17:45:35 Europe/Prague] PHP Warning:  Use of undefined constant “smtp” - assumed '“smtp”' (this will throw an Error in a future version of PHP) in /data/web/virtuals/284558/virtual/www/pix_mail/config.php on line 3
[30-Apr-2024 17:45:35 Europe/Prague] PHP Deprecated:  __autoload() is deprecated, use spl_autoload_register() instead in /data/web/virtuals/284558/virtual/www/pix_mail/phpmailer/PHPMailerAutoload.php on line 45
[10-Jun-2024 14:30:35 Europe/Prague] PHP Warning:  Use of undefined constant “smtp” - assumed '“smtp”' (this will throw an Error in a future version of PHP) in /data/web/virtuals/284558/virtual/www/pix_mail/config.php on line 3
[10-Jun-2024 14:30:35 Europe/Prague] PHP Deprecated:  __autoload() is deprecated, use spl_autoload_register() instead in /data/web/virtuals/284558/virtual/www/pix_mail/phpmailer/PHPMailerAutoload.php on line 45
[11-Dec-2024 06:06:40 Europe/Prague] PHP Warning:  Use of undefined constant “smtp” - assumed '“smtp”' (this will throw an Error in a future version of PHP) in /data/web/virtuals/284558/virtual/www/pix_mail/config.php on line 3
[11-Dec-2024 06:06:40 Europe/Prague] PHP Deprecated:  __autoload() is deprecated, use spl_autoload_register() instead in /data/web/virtuals/284558/virtual/www/pix_mail/phpmailer/PHPMailerAutoload.php on line 45
[22-Dec-2024 12:39:56 Europe/Prague] PHP Warning:  Use of undefined constant “smtp” - assumed '“smtp”' (this will throw an Error in a future version of PHP) in /data/web/virtuals/284558/virtual/www/pix_mail/config.php on line 3
[22-Dec-2024 12:39:56 Europe/Prague] PHP Deprecated:  __autoload() is deprecated, use spl_autoload_register() instead in /data/web/virtuals/284558/virtual/www/pix_mail/phpmailer/PHPMailerAutoload.php on line 45
[26-Dec-2024 13:24:13 Europe/Prague] PHP Warning:  Use of undefined constant “smtp” - assumed '“smtp”' (this will throw an Error in a future version of PHP) in /data/web/virtuals/284558/virtual/www/pix_mail/config.php on line 3
[26-Dec-2024 13:24:13 Europe/Prague] PHP Deprecated:  __autoload() is deprecated, use spl_autoload_register() instead in /data/web/virtuals/284558/virtual/www/pix_mail/phpmailer/PHPMailerAutoload.php on line 45
[02-Feb-2025 18:18:22 Europe/Prague] PHP Warning:  Use of undefined constant “smtp” - assumed '“smtp”' (this will throw an Error in a future version of PHP) in /data/web/virtuals/284558/virtual/www/pix_mail/config.php on line 3
[02-Feb-2025 18:18:22 Europe/Prague] PHP Deprecated:  __autoload() is deprecated, use spl_autoload_register() instead in /data/web/virtuals/284558/virtual/www/pix_mail/phpmailer/PHPMailerAutoload.php on line 45
[31-Mar-2025 18:01:49 Europe/Prague] PHP Warning:  Use of undefined constant “smtp” - assumed '“smtp”' (this will throw an Error in a future version of PHP) in /data/web/virtuals/284558/virtual/www/pix_mail/config.php on line 3
[31-Mar-2025 18:01:49 Europe/Prague] PHP Deprecated:  __autoload() is deprecated, use spl_autoload_register() instead in /data/web/virtuals/284558/virtual/www/pix_mail/phpmailer/PHPMailerAutoload.php on line 45
[08-May-2025 16:17:08 Europe/Prague] PHP Warning:  Use of undefined constant “smtp” - assumed '“smtp”' (this will throw an Error in a future version of PHP) in /data/web/virtuals/284558/virtual/www/pix_mail/config.php on line 3
[08-May-2025 16:17:08 Europe/Prague] PHP Deprecated:  __autoload() is deprecated, use spl_autoload_register() instead in /data/web/virtuals/284558/virtual/www/pix_mail/phpmailer/PHPMailerAutoload.php on line 45
[11-Jun-2025 10:11:03 Europe/Prague] PHP Warning:  Use of undefined constant “smtp” - assumed '“smtp”' (this will throw an Error in a future version of PHP) in /data/web/virtuals/284558/virtual/www/pix_mail/config.php on line 3
[11-Jun-2025 10:11:03 Europe/Prague] PHP Deprecated:  __autoload() is deprecated, use spl_autoload_register() instead in /data/web/virtuals/284558/virtual/www/pix_mail/phpmailer/PHPMailerAutoload.php on line 45
[04-Sep-2025 19:08:50 Europe/Prague] PHP Warning:  Use of undefined constant “smtp” - assumed '“smtp”' (this will throw an Error in a future version of PHP) in /data/web/virtuals/284558/virtual/www/pix_mail/config.php on line 3
[04-Sep-2025 19:08:50 Europe/Prague] PHP Deprecated:  __autoload() is deprecated, use spl_autoload_register() instead in /data/web/virtuals/284558/virtual/www/pix_mail/phpmailer/PHPMailerAutoload.php on line 45
[26-Sep-2025 20:58:45 Europe/Prague] PHP Warning:  Use of undefined constant “smtp” - assumed '“smtp”' (this will throw an Error in a future version of PHP) in /data/web/virtuals/284558/virtual/www/pix_mail/config.php on line 3
[26-Sep-2025 20:58:45 Europe/Prague] PHP Deprecated:  __autoload() is deprecated, use spl_autoload_register() instead in /data/web/virtuals/284558/virtual/www/pix_mail/phpmailer/PHPMailerAutoload.php on line 45
[03-Oct-2025 16:21:02 Europe/Prague] PHP Warning:  Use of undefined constant “smtp” - assumed '“smtp”' (this will throw an Error in a future version of PHP) in /data/web/virtuals/284558/virtual/www/pix_mail/config.php on line 3
[03-Oct-2025 16:21:02 Europe/Prague] PHP Deprecated:  __autoload() is deprecated, use spl_autoload_register() instead in /data/web/virtuals/284558/virtual/www/pix_mail/phpmailer/PHPMailerAutoload.php on line 45
[15-Oct-2025 17:19:07 Europe/Prague] PHP Warning:  Use of undefined constant “smtp” - assumed '“smtp”' (this will throw an Error in a future version of PHP) in /data/web/virtuals/284558/virtual/www/pix_mail/config.php on line 3
[15-Oct-2025 17:19:07 Europe/Prague] PHP Deprecated:  __autoload() is deprecated, use spl_autoload_register() instead in /data/web/virtuals/284558/virtual/www/pix_mail/phpmailer/PHPMailerAutoload.php on line 45
[16-Dec-2025 11:36:16 Europe/Prague] PHP Warning:  Use of undefined constant “smtp” - assumed '“smtp”' (this will throw an Error in a future version of PHP) in /data/web/virtuals/284558/virtual/www/pix_mail/config.php on line 3
[16-Dec-2025 11:36:16 Europe/Prague] PHP Deprecated:  __autoload() is deprecated, use spl_autoload_register() instead in /data/web/virtuals/284558/virtual/www/pix_mail/phpmailer/PHPMailerAutoload.php on line 45
